19:27:55 DEBUG   opendrift.config:168: Adding 17 config items from __init__
19:27:55 DEBUG   opendrift.config:178:   Overwriting config item readers:max_number_of_fails
19:27:55 DEBUG   opendrift.config:168: Adding 14 config items from __init__
19:27:55 INFO    opendrift:568: OpenDriftSimulation initialised (version 1.14.9)
19:27:55 DEBUG   opendrift.config:168: Adding 15 config items from openberg
19:29:38 DEBUG   opendrift.readers.reader_netCDF_CF_generic:131: Finding coordinate variables.
19:29:38 DEBUG   opendrift.readers.reader_netCDF_CF_generic:146: Parsing CF grid mapping dictionary: {'grid_mapping_name': 'polar_stereographic', 'latitude_of_projection_origin': np.float64(90.0), 'longitude_of_projection_origin': np.float64(-45.0), 'scale_factor_at_projection_origin': np.float64(1.0), 'straight_vertical_longitude_from_pole': np.float64(-45.0), 'earth_radius': np.float64(6378273.0), 'proj4': '+proj=stere +lon_0=-45 +lat_0=90 +k=1 +R=6378273 +no_defs', 'false_easting': np.float64(0.0), 'false_northing': np.float64(0.0)}
19:29:39 DEBUG   opendrift.readers.reader_netCDF_CF_generic:245: 10 ensemble members available
19:29:39 INFO    opendrift.readers.reader_netCDF_CF_generic:340: Detected dimensions: {'x': 'x', 'y': 'y', 'z': 'depth', 'time': 'time'}
19:29:39 DEBUG   opendrift.readers.reader_netCDF_CF_generic:376: Skipped variables without standard_name: ['surtx', 'surty']
19:29:39 DEBUG   opendrift.readers.basereader.variables:614: Setting buffer size 72 for reader Ensemble reader, assuming a maximum average speed of 5 m/s and time span of 1 day, 0:00:00
19:29:39 DEBUG   opendrift.readers.basereader:188: Variable mapping: ['sea_floor_depth_below_sea_level'] -> ['land_binary_mask'] is not activated
19:29:39 DEBUG   opendrift.readers.basereader.variables:569: Adding variable mapping: ['sea_ice_x_velocity', 'sea_ice_y_velocity'] -> sea_ice_speed
19:29:39 DEBUG   opendrift.readers.basereader.variables:569: Adding variable mapping: ['x_sea_water_velocity', 'y_sea_water_velocity'] -> sea_water_speed
19:29:39 DEBUG   opendrift.models.basemodel.environment:313: Added reader Ensemble reader
19:29:39 DEBUG   opendrift.readers.reader_lazy:37: Delaying initialisation of LazyReader: cmems_obs-wind_glo_phy_nrt_l4_0.125deg_PT1H
19:29:39 DEBUG   opendrift.models.basemodel.environment:313: Added reader LazyReader: cmems_obs-wind_glo_phy_nrt_l4_0.125deg_PT1H
19:29:39 INFO    opendrift.models.basemodel.environment:203: Adding a global landmask from GSHHG
19:29:39 DEBUG   opendrift.readers.basereader:188: Variable mapping: ['sea_floor_depth_below_sea_level'] -> ['land_binary_mask'] is not activated
19:29:42 DEBUG   opendrift.models.basemodel.environment:313: Added reader global_landmask
19:29:42 INFO    opendrift.models.basemodel.environment:227: Fallback values will be used for the following variables which have no readers: 
19:29:42 INFO    opendrift.models.basemodel.environment:230: 	sea_surface_x_slope: 0.000000
19:29:42 INFO    opendrift.models.basemodel.environment:230: 	sea_surface_y_slope: 0.000000
19:29:42 INFO    opendrift.models.basemodel.environment:230: 	x_wind: 0.000000
19:29:42 INFO    opendrift.models.basemodel.environment:230: 	y_wind: 0.000000
19:29:42 INFO    opendrift.models.basemodel.environment:230: 	horizontal_diffusivity: 0.000000
19:29:42 INFO    opendrift.models.basemodel.environment:230: 	sea_surface_wave_significant_height: 0.000000
19:29:42 INFO    opendrift.models.basemodel.environment:230: 	sea_surface_wave_from_direction: 0.000000
19:29:42 INFO    opendrift.models.basemodel.environment:230: 	sea_surface_wave_stokes_drift_x_velocity: 0.000000
19:29:42 INFO    opendrift.models.basemodel.environment:230: 	sea_surface_wave_stokes_drift_y_velocity: 0.000000
19:29:42 INFO    opendrift.models.basemodel.environment:230: 	sea_water_salinity: 35.000000
19:29:42 DEBUG   opendrift:164: Changed mode from Mode.Config to Mode.Ready
19:29:42 DEBUG   opendrift:164: Changed mode from Mode.Ready to Mode.Run
19:29:42 DEBUG   opendrift:1800: 
------------------------------------------------------
Software and hardware:
  OpenDrift version 1.14.9
  Platform: Linux, 5.17.4-200.fc35.x86_64
  31.349506378173828 GB memory
  8 processors (x86_64)
  NumPy version 2.4.6
  SciPy version 1.17.1
  Matplotlib version 3.10.9
  NetCDF4 version 1.7.4
  Xarray version 2026.4.0
  ADIOS (adios_db) version 1.2.7
  Copernicusmarine version 2.4.1
  Python version 3.12.11 | packaged by conda-forge | (main, Jun  4 2025, 14:45:31) [GCC 13.3.0]
------------------------------------------------------

19:29:42 INFO    opendrift:1839: Storing previous values of element property lon because of condition (('general:coastline_action', 'in', ['stranding', 'previous']), 'or', ('general:seafloor_action', 'in', ['previous']))
19:29:42 INFO    opendrift:1839: Storing previous values of element property lat because of condition (('general:coastline_action', 'in', ['stranding', 'previous']), 'or', ('general:seafloor_action', 'in', ['previous']))
19:29:42 DEBUG   opendrift:1962: Finalizing environment and preparing readers for simulation coverage ([-312.90592091   11.6425427   179.19912236   89.        ]) and time (2025-09-24 00:00:00 to 2025-12-11 00:00:00)
19:29:42 DEBUG   opendrift.models.basemodel.environment:166: 	Preparing Ensemble reader for extent [-312.90592091   11.6425427   179.19912236   89.        ]
19:29:42 DEBUG   opendrift.readers.basereader.structured:151: Clearing cache for reader Ensemble reader before starting new simulation
19:29:42 DEBUG   opendrift.readers.basereader.variables:614: Setting buffer size 16 for reader Ensemble reader, assuming a maximum average speed of 1 m/s and time span of 1 day, 0:00:00
19:29:42 DEBUG   opendrift.readers.basereader.variables:555: Nothing more to prepare for Ensemble reader
19:29:42 DEBUG   opendrift.models.basemodel.environment:166: 	Preparing LazyReader: cmems_obs-wind_glo_phy_nrt_l4_0.125deg_PT1H for extent [-312.90592091   11.6425427   179.19912236   89.        ]
19:29:42 DEBUG   opendrift.models.basemodel.environment:166: 	Preparing global_landmask for extent [-312.90592091   11.6425427   179.19912236   89.        ]
19:29:42 DEBUG   opendrift.readers.basereader.variables:555: Nothing more to prepare for global_landmask
19:29:42 DEBUG   opendrift:2059: Initial self.result, size Frozen({'trajectory': 260, 'time': 100})
19:29:42 DEBUG   opendrift.export.io_netcdf:24: Initialising output netCDF file {self.outfile_name}
19:29:42 INFO    opendrift:947: Using existing reader for land_binary_mask to move elements to ocean
19:29:42 DEBUG   opendrift.models.basemodel.environment:599: ----------------------------------------
19:29:42 DEBUG   opendrift.models.basemodel.environment:600: Variable group ['land_binary_mask']
19:29:42 DEBUG   opendrift.models.basemodel.environment:601: ----------------------------------------
19:29:42 DEBUG   opendrift.models.basemodel.environment:605: Calling reader global_landmask
19:29:42 DEBUG   opendrift.models.basemodel.environment:606: ----------------------------------------
19:29:42 DEBUG   opendrift.models.basemodel.environment:626: Data needed for 260 elements
19:29:42 DEBUG   opendrift.readers.basereader.variables:761: Fetching variables from global_landmask covering 260 elements
19:29:44 DEBUG   opendrift.readers.basereader.continuous:37: Fetched env-before
19:29:44 DEBUG   opendrift.readers.basereader.variables:639: Checking land_binary_mask for invalid values
19:29:44 DEBUG   opendrift.readers.basereader.variables:797: Reader projection is latlon - rotation of vectors is not needed.
19:29:44 DEBUG   opendrift.models.basemodel.environment:762: Obtained data for all elements.
19:29:44 DEBUG   opendrift.models.basemodel.environment:775: ---------------------------------------
19:29:44 DEBUG   opendrift.models.basemodel.environment:776: Finished processing all variable groups
19:29:44 DEBUG   opendrift.models.basemodel.environment:898: ------------ SUMMARY -------------
19:29:44 DEBUG   opendrift.models.basemodel.environment:900:     land_binary_mask: 0 (min) 0 (max)
19:29:44 DEBUG   opendrift.models.basemodel.environment:902: ---------------------------------
19:29:44 INFO    opendrift:978: All points are in ocean
19:29:44 DEBUG   opendrift:904: to be seeded: 260, already seeded 0
19:29:44 DEBUG   opendrift:926: Released 10 new elements.
19:29:44 DEBUG   opendrift:2135: ======================================================================
19:29:44 INFO    opendrift:2136: 2025-09-24 00:00:00 - step 1 of 1872 - 10 active elements (0 deactivated)
19:29:44 DEBUG   opendrift:2142: 250 elements scheduled.
19:29:44 DEBUG   opendrift:2144: ======================================================================
19:29:44 DEBUG   opendrift:2155: 		74.99825286865234 <- latitude -> 75.019287109375
19:29:44 DEBUG   opendrift:2155: 		-58.211177825927734 <- longitude -> -58.09977340698242
19:29:44 DEBUG   opendrift:2153: 		z = 0.0
19:29:44 DEBUG   opendrift:2156: ---------------------------------
19:29:44 DEBUG   opendrift.models.basemodel.environment:574: Variables not covered by any reader: ['x_wind', 'sea_water_salinity', 'sea_surface_wave_from_direction', 'y_wind', 'sea_surface_wave_significant_height']
19:29:44 DEBUG   opendrift.readers.reader_lazy:56: Initialising: LazyReader: cmems_obs-wind_glo_phy_nrt_l4_0.125deg_PT1H
19:29:44 DEBUG   opendrift.readers:189: Testing reader <module 'opendrift.readers.reader_copernicusmarine' from '/opt/conda/lib/python3.12/site-packages/opendrift/readers/reader_copernicusmarine.py'>
19:29:44 INFO    opendrift.readers.reader_copernicusmarine:39: Using CMEMS password for user lherrmannsdoerf from environment variables COPERNICUSMARINE_SERVICE_USERNAME and COPERNICUSMARINE_SERVICE_PASSWORD
19:29:45 DEBUG   opendrift.readers.reader_netCDF_CF_generic:131: Finding coordinate variables.
19:29:45 INFO    opendrift.readers.reader_netCDF_CF_generic:307: Grid coordinates are detected, but proj4 string not given: assuming latlong
19:29:45 INFO    opendrift.readers.reader_netCDF_CF_generic:340: Detected dimensions: {'y': 'latitude', 'x': 'longitude', 'time': 'time'}
19:29:45 DEBUG   opendrift.readers.basereader.variables:614: Setting buffer size 4 for reader cmems_obs-wind_glo_phy_nrt_l4_0.125deg_PT1H, assuming a maximum average speed of 5 m/s and time span of 1:00:00
19:29:45 INFO    opendrift.readers.basereader:178: Variable x_wind will be rotated from eastward_wind
19:29:45 INFO    opendrift.readers.basereader:178: Variable y_wind will be rotated from northward_wind
19:29:45 DEBUG   opendrift.readers.basereader:188: Variable mapping: ['sea_floor_depth_below_sea_level'] -> ['land_binary_mask'] is not activated
19:29:45 DEBUG   opendrift.readers.basereader.variables:569: Adding variable mapping: ['x_wind', 'y_wind'] -> wind_speed
19:29:45 DEBUG   opendrift.readers.basereader.structured:151: Clearing cache for reader cmems_obs-wind_glo_phy_nrt_l4_0.125deg_PT1H before starting new simulation
19:29:45 DEBUG   opendrift.readers.basereader.variables:614: Setting buffer size 3 for reader cmems_obs-wind_glo_phy_nrt_l4_0.125deg_PT1H, assuming a maximum average speed of 1 m/s and time span of 1:00:00
19:29:45 DEBUG   opendrift.readers.basereader.variables:555: Nothing more to prepare for cmems_obs-wind_glo_phy_nrt_l4_0.125deg_PT1H
19:29:45 DEBUG   opendrift.readers.reader_lazy:71: Reader initialised: cmems_obs-wind_glo_phy_nrt_l4_0.125deg_PT1H
19:29:45 DEBUG   opendrift.readers.basereader.variables:614: Setting buffer size 3 for reader cmems_obs-wind_glo_phy_nrt_l4_0.125deg_PT1H, assuming a maximum average speed of 1 m/s and time span of 1:00:00
19:29:45 DEBUG   opendrift.models.basemodel.environment:599: ----------------------------------------
19:29:45 DEBUG   opendrift.models.basemodel.environment:600: Variable group ['sea_floor_depth_below_sea_level', 'sea_water_temperature', 'x_sea_water_velocity', 'y_sea_water_velocity', 'sea_surface_height', 'sea_ice_thickness', 'sea_ice_area_fraction', 'sea_ice_x_velocity', 'sea_ice_y_velocity']
19:29:45 DEBUG   opendrift.models.basemodel.environment:601: ----------------------------------------
19:29:45 DEBUG   opendrift.models.basemodel.environment:605: Calling reader Ensemble reader
19:29:45 DEBUG   opendrift.models.basemodel.environment:606: ----------------------------------------
19:29:45 DEBUG   opendrift.models.basemodel.environment:626: Data needed for 10 elements
19:29:45 DEBUG   opendrift.readers.basereader.variables:761: Fetching variables from Ensemble reader covering 10 elements
19:29:45 DEBUG   opendrift.readers.basereader.structured:220: Reader time:
		2025-09-23 12:00:00 (before)
		2025-09-24 12:00:00 (after)
19:29:51 DEBUG   opendrift.readers.reader_netCDF_CF_generic:561: Num ensembles for sea_floor_depth_below_sea_level: 10
19:29:58 DEBUG   opendrift.readers.reader_netCDF_CF_generic:561: Num ensembles for sea_water_temperature: 10
19:30:04 DEBUG   opendrift.readers.reader_netCDF_CF_generic:561: Num ensembles for x_sea_water_velocity: 10
19:30:10 DEBUG   opendrift.readers.reader_netCDF_CF_generic:561: Num ensembles for y_sea_water_velocity: 10
19:30:14 DEBUG   opendrift.readers.reader_netCDF_CF_generic:561: Num ensembles for sea_surface_height: 10
19:30:17 DEBUG   opendrift.readers.reader_netCDF_CF_generic:561: Num ensembles for sea_ice_thickness: 10
19:30:23 DEBUG   opendrift.readers.reader_netCDF_CF_generic:561: Num ensembles for sea_ice_area_fraction: 10
19:30:30 DEBUG   opendrift.readers.reader_netCDF_CF_generic:561: Num ensembles for sea_ice_x_velocity: 10
