14:27:01 DEBUG   opendrift.config:168: Adding 17 config items from __init__
14:27:01 DEBUG   opendrift.config:178:   Overwriting config item readers:max_number_of_fails
14:27:01 DEBUG   opendrift.config:168: Adding 14 config items from __init__
14:27:01 INFO    opendrift:568: OpenDriftSimulation initialised (version 1.14.9)
14:27:01 DEBUG   opendrift.config:168: Adding 15 config items from openberg
14:27:03 DEBUG   opendrift.readers.reader_netCDF_CF_generic:131: Finding coordinate variables.
14:27:03 DEBUG   opendrift.readers.reader_netCDF_CF_generic:270: Lon and lat are 1D arrays - using as projection coordinates
14:27:03 INFO    opendrift.readers.reader_netCDF_CF_generic:340: Detected dimensions: {'time': 'time', 'x': 'lon', 'y': 'lat'}
14:27:03 DEBUG   opendrift.readers.basereader.variables:614: Setting buffer size 8 for reader arcmfcwam_vars, assuming a maximum average speed of 5 m/s and time span of 1:00:00
14:27:03 DEBUG   opendrift.readers.basereader:188: Variable mapping: ['sea_floor_depth_below_sea_level'] -> ['land_binary_mask'] is not activated
14:27:03 DEBUG   opendrift.readers.basereader.variables:569: Adding variable mapping: ['sea_surface_wave_stokes_drift_x_velocity', 'sea_surface_wave_stokes_drift_y_velocity'] -> sea_surface_wave_stokes_drift_speed
14:27:03 DEBUG   opendrift.models.basemodel.environment:313: Added reader arcmfcwam_vars
14:27:03 INFO    opendrift.models.basemodel.environment:203: Adding a global landmask from GSHHG
14:27:03 DEBUG   opendrift.readers.basereader:188: Variable mapping: ['sea_floor_depth_below_sea_level'] -> ['land_binary_mask'] is not activated
14:27:07 DEBUG   opendrift.models.basemodel.environment:313: Added reader global_landmask
14:27:07 INFO    opendrift.models.basemodel.environment:227: Fallback values will be used for the following variables which have no readers: 
14:27:07 INFO    opendrift.models.basemodel.environment:230: 	x_sea_water_velocity: 0.000000
14:27:07 INFO    opendrift.models.basemodel.environment:230: 	y_sea_water_velocity: 0.000000
14:27:07 INFO    opendrift.models.basemodel.environment:230: 	sea_floor_depth_below_sea_level: 10000.000000
14:27:07 INFO    opendrift.models.basemodel.environment:230: 	sea_surface_height: 0.000000
14:27:07 INFO    opendrift.models.basemodel.environment:230: 	sea_surface_x_slope: 0.000000
14:27:07 INFO    opendrift.models.basemodel.environment:230: 	sea_surface_y_slope: 0.000000
14:27:07 INFO    opendrift.models.basemodel.environment:230: 	x_wind: 0.000000
14:27:07 INFO    opendrift.models.basemodel.environment:230: 	y_wind: 0.000000
14:27:07 INFO    opendrift.models.basemodel.environment:230: 	horizontal_diffusivity: 0.000000
14:27:07 INFO    opendrift.models.basemodel.environment:230: 	sea_water_temperature: 2.000000
14:27:07 INFO    opendrift.models.basemodel.environment:230: 	sea_water_salinity: 35.000000
14:27:07 INFO    opendrift.models.basemodel.environment:230: 	sea_ice_area_fraction: 0.000000
14:27:07 INFO    opendrift.models.basemodel.environment:230: 	sea_ice_thickness: 0.000000
14:27:07 INFO    opendrift.models.basemodel.environment:230: 	sea_ice_x_velocity: 0.000000
14:27:07 INFO    opendrift.models.basemodel.environment:230: 	sea_ice_y_velocity: 0.000000
14:27:07 DEBUG   opendrift:164: Changed mode from Mode.Config to Mode.Ready
14:27:07 DEBUG   opendrift:164: Changed mode from Mode.Ready to Mode.Run
14:27:07 DEBUG   opendrift:1800: 
------------------------------------------------------
Software and hardware:
  OpenDrift version 1.14.9
  Platform: Linux, 5.17.4-200.fc35.x86_64
  31.349506378173828 GB memory
  8 processors (x86_64)
  NumPy version 2.4.6
  SciPy version 1.17.1
  Matplotlib version 3.10.9
  NetCDF4 version 1.7.4
  Xarray version 2026.4.0
  ADIOS (adios_db) version 1.2.7
  Copernicusmarine version 2.4.1
  Python version 3.12.11 | packaged by conda-forge | (main, Jun  4 2025, 14:45:31) [GCC 13.3.0]
------------------------------------------------------

14:27:07 INFO    opendrift:1839: Storing previous values of element property lon because of condition (('general:coastline_action', 'in', ['stranding', 'previous']), 'or', ('general:seafloor_action', 'in', ['previous']))
14:27:07 INFO    opendrift:1839: Storing previous values of element property lat because of condition (('general:coastline_action', 'in', ['stranding', 'previous']), 'or', ('general:seafloor_action', 'in', ['previous']))
14:27:07 DEBUG   opendrift:1962: Finalizing environment and preparing readers for simulation coverage ([-312.90592091   11.6425427   179.19912236   89.        ]) and time (2025-09-24 00:00:00 to 2025-12-11 00:00:00)
14:27:07 DEBUG   opendrift.models.basemodel.environment:166: 	Preparing arcmfcwam_vars for extent [-312.90592091   11.6425427   179.19912236   89.        ]
14:27:07 DEBUG   opendrift.readers.basereader.structured:151: Clearing cache for reader arcmfcwam_vars before starting new simulation
14:27:07 DEBUG   opendrift.readers.basereader.variables:614: Setting buffer size 4 for reader arcmfcwam_vars, assuming a maximum average speed of 1 m/s and time span of 1:00:00
14:27:07 DEBUG   opendrift.readers.basereader.variables:555: Nothing more to prepare for arcmfcwam_vars
14:27:07 DEBUG   opendrift.models.basemodel.environment:166: 	Preparing global_landmask for extent [-312.90592091   11.6425427   179.19912236   89.        ]
14:27:07 DEBUG   opendrift.readers.basereader.variables:555: Nothing more to prepare for global_landmask
14:27:07 DEBUG   opendrift:2059: Initial self.result, size Frozen({'trajectory': 260, 'time': 100})
14:27:07 DEBUG   opendrift.export.io_netcdf:24: Initialising output netCDF file {self.outfile_name}
14:27:07 INFO    opendrift:947: Using existing reader for land_binary_mask to move elements to ocean
14:27:07 DEBUG   opendrift.models.basemodel.environment:599: ----------------------------------------
14:27:07 DEBUG   opendrift.models.basemodel.environment:600: Variable group ['land_binary_mask']
14:27:07 DEBUG   opendrift.models.basemodel.environment:601: ----------------------------------------
14:27:07 DEBUG   opendrift.models.basemodel.environment:605: Calling reader global_landmask
14:27:07 DEBUG   opendrift.models.basemodel.environment:606: ----------------------------------------
14:27:07 DEBUG   opendrift.models.basemodel.environment:626: Data needed for 260 elements
14:27:07 DEBUG   opendrift.readers.basereader.variables:761: Fetching variables from global_landmask covering 260 elements
14:27:08 DEBUG   opendrift.readers.basereader.continuous:37: Fetched env-before
14:27:08 DEBUG   opendrift.readers.basereader.variables:639: Checking land_binary_mask for invalid values
14:27:08 DEBUG   opendrift.readers.basereader.variables:797: Reader projection is latlon - rotation of vectors is not needed.
14:27:08 DEBUG   opendrift.models.basemodel.environment:762: Obtained data for all elements.
14:27:08 DEBUG   opendrift.models.basemodel.environment:775: ---------------------------------------
14:27:08 DEBUG   opendrift.models.basemodel.environment:776: Finished processing all variable groups
14:27:08 DEBUG   opendrift.models.basemodel.environment:898: ------------ SUMMARY -------------
14:27:08 DEBUG   opendrift.models.basemodel.environment:900:     land_binary_mask: 0 (min) 0 (max)
14:27:08 DEBUG   opendrift.models.basemodel.environment:902: ---------------------------------
14:27:08 INFO    opendrift:978: All points are in ocean
14:27:08 DEBUG   opendrift:904: to be seeded: 260, already seeded 0
14:27:08 DEBUG   opendrift:926: Released 10 new elements.
14:27:08 DEBUG   opendrift:2135: ======================================================================
14:27:08 INFO    opendrift:2136: 2025-09-24 00:00:00 - step 1 of 1872 - 10 active elements (0 deactivated)
14:27:08 DEBUG   opendrift:2142: 250 elements scheduled.
14:27:08 DEBUG   opendrift:2144: ======================================================================
14:27:08 DEBUG   opendrift:2155: 		74.99825286865234 <- latitude -> 75.019287109375
14:27:08 DEBUG   opendrift:2155: 		-58.211177825927734 <- longitude -> -58.09977340698242
14:27:08 DEBUG   opendrift:2153: 		z = 0.0
14:27:08 DEBUG   opendrift:2156: ---------------------------------
14:27:08 DEBUG   opendrift.models.basemodel.environment:599: ----------------------------------------
14:27:08 DEBUG   opendrift.models.basemodel.environment:600: Variable group ['sea_surface_wave_significant_height', 'sea_surface_wave_from_direction', 'sea_surface_wave_stokes_drift_x_velocity', 'sea_surface_wave_stokes_drift_y_velocity']
14:27:08 DEBUG   opendrift.models.basemodel.environment:601: ----------------------------------------
14:27:08 DEBUG   opendrift.models.basemodel.environment:605: Calling reader arcmfcwam_vars
14:27:08 DEBUG   opendrift.models.basemodel.environment:606: ----------------------------------------
14:27:08 DEBUG   opendrift.models.basemodel.environment:626: Data needed for 10 elements
14:27:08 DEBUG   opendrift.readers.basereader.variables:761: Fetching variables from arcmfcwam_vars covering 10 elements
14:27:08 DEBUG   opendrift.readers.basereader.structured:220: Reader time:
		2025-09-24 00:00:00 (before)
		2025-09-24 01:00:00 (after)
14:27:38 DEBUG   opendrift.readers.basereader.structured:290: Fetched env-block (size 12x9x1) for time before (2025-09-24 00:00:00)
14:27:38 DEBUG   opendrift.readers.basereader.structured:334: Interpolating before (2025-09-24 00:00:00) in space  (linearNDFast)
14:27:38 DEBUG   opendrift.readers.interpolation.structured:97: Initialising interpolator.
14:27:38 DEBUG   opendrift.readers.basereader.structured:388: No time interpolation needed - right on time.
14:27:38 DEBUG   opendrift.readers.basereader.variables:797: Reader projection is latlon - rotation of vectors is not needed.
14:27:38 DEBUG   opendrift.models.basemodel.environment:762: Obtained data for all elements.
14:27:38 DEBUG   opendrift.models.basemodel.environment:599: ----------------------------------------
14:27:38 DEBUG   opendrift.models.basemodel.environment:600: Variable group ['land_binary_mask']
14:27:38 DEBUG   opendrift.models.basemodel.environment:601: ----------------------------------------
14:27:38 DEBUG   opendrift.models.basemodel.environment:605: Calling reader global_landmask
14:27:38 DEBUG   opendrift.models.basemodel.environment:606: ----------------------------------------
14:27:38 DEBUG   opendrift.models.basemodel.environment:626: Data needed for 10 elements
14:27:38 DEBUG   opendrift.readers.basereader.variables:761: Fetching variables from global_landmask covering 10 elements
14:27:38 DEBUG   opendrift.readers.basereader.continuous:37: Fetched env-before
14:27:38 DEBUG   opendrift.readers.basereader.variables:639: Checking land_binary_mask for invalid values
14:27:38 DEBUG   opendrift.readers.basereader.variables:797: Reader projection is latlon - rotation of vectors is not needed.
14:27:38 DEBUG   opendrift.models.basemodel.environment:762: Obtained data for all elements.
14:27:38 DEBUG   opendrift.models.basemodel.environment:775: ---------------------------------------
14:27:38 DEBUG   opendrift.models.basemodel.environment:776: Finished processing all variable groups
14:27:38 DEBUG   opendrift.models.basemodel.environment:796: Creating empty dictionary for profiles not profided by any reader: ['x_sea_water_velocity', 'y_sea_water_velocity', 'sea_water_temperature', 'sea_water_salinity']
14:27:38 DEBUG   opendrift.models.basemodel.environment:801:       Using fallback value 0 for x_sea_water_velocity for all profiles
14:27:38 DEBUG   opendrift.models.basemodel.environment:801:       Using fallback value 0 for y_sea_water_velocity for all profiles
14:27:38 DEBUG   opendrift.models.basemodel.environment:801:       Using fallback value 2 for sea_water_temperature for all profiles
14:27:38 DEBUG   opendrift.models.basemodel.environment:801:       Using fallback value 35 for sea_water_salinity for all profiles
14:27:38 DEBUG   opendrift.models.basemodel.environment:898: ------------ SUMMARY -------------
14:27:38 DEBUG   opendrift.models.basemodel.environment:900:     x_sea_water_velocity: 0 (min) 0 (max)
14:27:38 DEBUG   opendrift.models.basemodel.environment:900:     y_sea_water_velocity: 0 (min) 0 (max)
14:27:38 DEBUG   opendrift.models.basemodel.environment:900:     sea_floor_depth_below_sea_level: 10000 (min) 10000 (max)
14:27:38 DEBUG   opendrift.models.basemodel.environment:900:     sea_surface_height: 0 (min) 0 (max)
14:27:38 DEBUG   opendrift.models.basemodel.environment:900:     sea_surface_x_slope: 0 (min) 0 (max)
14:27:38 DEBUG   opendrift.models.basemodel.environment:900:     sea_surface_y_slope: 0 (min) 0 (max)
14:27:38 DEBUG   opendrift.models.basemodel.environment:900:     x_wind: 0 (min) 0 (max)
14:27:38 DEBUG   opendrift.models.basemodel.environment:900:     y_wind: 0 (min) 0 (max)
14:27:38 DEBUG   opendrift.models.basemodel.environment:900:     horizontal_diffusivity: 0 (min) 0 (max)
14:27:38 DEBUG   opendrift.models.basemodel.environment:900:     sea_surface_wave_significant_height: 0.366063 (min) 0.37581 (max)
14:27:38 DEBUG   opendrift.models.basemodel.environment:900:     sea_surface_wave_from_direction: 139.898 (min) 144.96 (max)
14:27:38 DEBUG   opendrift.models.basemodel.environment:900:     sea_surface_wave_stokes_drift_x_velocity: -0.0332764 (min) -0.0248358 (max)
14:27:38 DEBUG   opendrift.models.basemodel.environment:900:     sea_surface_wave_stokes_drift_y_velocity: 0.0432453 (min) 0.0548377 (max)
14:27:38 DEBUG   opendrift.models.basemodel.environment:900:     sea_water_temperature: 2 (min) 2 (max)
14:27:38 DEBUG   opendrift.models.basemodel.environment:900:     sea_water_salinity: 35 (min) 35 (max)
14:27:38 DEBUG   opendrift.models.basemodel.environment:900:     sea_ice_area_fraction: 0 (min) 0 (max)
14:27:38 DEBUG   opendrift.models.basemodel.environment:900:     sea_ice_thickness: 0 (min) 0 (max)
14:27:38 DEBUG   opendrift.models.basemodel.environment:900:     sea_ice_x_velocity: 0 (min) 0 (max)
14:27:38 DEBUG   opendrift.models.basemodel.environment:900:     sea_ice_y_velocity: 0 (min) 0 (max)
14:27:38 DEBUG   opendrift.models.basemodel.environment:900:     land_binary_mask: 0 (min) 0 (max)
14:27:38 DEBUG   opendrift.models.basemodel.environment:902: ---------------------------------
14:27:38 DEBUG   opendrift:689: No elements hit coastline.
14:27:38 DEBUG   opendrift:1732: No elements to deactivate
14:27:38 DEBUG   opendrift:2193: Calling OpenBerg.update()
14:27:38 DEBUG   opendrift.models.openberg:507: Advection with surface currents
14:27:38 DEBUG   opendrift.models.openberg:573: No grounded icebergs detected in this timestep
14:27:38 DEBUG   opendrift:1680: Horizontal diffusivity is 0, no random walk.
14:27:38 DEBUG   opendrift:904: to be seeded: 250, already seeded 10
14:27:38 DEBUG   opendrift:926: Released 0 new elements.
14:27:38 DEBUG   opendrift:2135: ======================================================================
14:27:38 INFO    opendrift:2136: 2025-09-24 01:00:00 - step 2 of 1872 - 10 active elements (0 deactivated)
14:27:38 DEBUG   opendrift:2142: 250 elements scheduled.
14:27:38 DEBUG   opendrift:2144: ======================================================================
14:27:38 DEBUG   opendrift:2155: 		75.00027991691005 <- latitude -> 75.02087300025866
14:27:38 DEBUG   opendrift:2155: 		-58.211273898318716 <- longitude -> -58.10033932623645
14:27:38 DEBUG   opendrift:2153: 		z = 0.0
14:27:38 DEBUG   opendrift:2156: ---------------------------------
14:27:38 DEBUG   opendrift.models.basemodel.environment:599: ----------------------------------------
14:27:38 DEBUG   opendrift.models.basemodel.environment:600: Variable group ['sea_surface_wave_significant_height', 'sea_surface_wave_from_direction', 'sea_surface_wave_stokes_drift_x_velocity', 'sea_surface_wave_stokes_drift_y_velocity']
14:27:38 DEBUG   opendrift.models.basemodel.environment:601: ----------------------------------------
14:27:38 DEBUG   opendrift.models.basemodel.environment:605: Calling reader arcmfcwam_vars
14:27:38 DEBUG   opendrift.models.basemodel.environment:606: ----------------------------------------
14:27:38 DEBUG   opendrift.models.basemodel.environment:626: Data needed for 10 elements
14:27:38 DEBUG   opendrift.readers.basereader.variables:761: Fetching variables from arcmfcwam_vars covering 10 elements
14:27:38 DEBUG   opendrift.readers.basereader.structured:220: Reader time:
		2025-09-24 01:00:00 (before)
		2025-09-24 02:00:00 (after)
14:28:17 DEBUG   opendrift.readers.basereader.structured:290: Fetched env-block (size 12x9x1) for time before (2025-09-24 01:00:00)
14:28:17 DEBUG   opendrift.readers.basereader.structured:334: Interpolating before (2025-09-24 01:00:00) in space  (linearNDFast)
14:28:17 DEBUG   opendrift.readers.interpolation.structured:97: Initialising interpolator.
14:28:17 DEBUG   opendrift.readers.basereader.structured:388: No time interpolation needed - right on time.
14:28:17 DEBUG   opendrift.readers.basereader.variables:797: Reader projection is latlon - rotation of vectors is not needed.
14:28:17 DEBUG   opendrift.models.basemodel.environment:762: Obtained data for all elements.
14:28:17 DEBUG   opendrift.models.basemodel.environment:599: ----------------------------------------
14:28:17 DEBUG   opendrift.models.basemodel.environment:600: Variable group ['land_binary_mask']
14:28:17 DEBUG   opendrift.models.basemodel.environment:601: ----------------------------------------
14:28:17 DEBUG   opendrift.models.basemodel.environment:605: Calling reader global_landmask
14:28:17 DEBUG   opendrift.models.basemodel.environment:606: ----------------------------------------
14:28:17 DEBUG   opendrift.models.basemodel.environment:626: Data needed for 10 elements
14:28:17 DEBUG   opendrift.readers.basereader.variables:761: Fetching variables from global_landmask covering 10 elements
14:28:17 DEBUG   opendrift.readers.basereader.continuous:37: Fetched env-before
14:28:17 DEBUG   opendrift.readers.basereader.variables:639: Checking land_binary_mask for invalid values
14:28:17 DEBUG   opendrift.readers.basereader.variables:797: Reader projection is latlon - rotation of vectors is not needed.
14:28:17 DEBUG   opendrift.models.basemodel.environment:762: Obtained data for all elements.
14:28:17 DEBUG   opendrift.models.basemodel.environment:775: ---------------------------------------
14:28:17 DEBUG   opendrift.models.basemodel.environment:776: Finished processing all variable groups
14:28:17 DEBUG   opendrift.models.basemodel.environment:796: Creating empty dictionary for profiles not profided by any reader: ['x_sea_water_velocity', 'y_sea_water_velocity', 'sea_water_temperature', 'sea_water_salinity']
14:28:17 DEBUG   opendrift.models.basemodel.environment:801:       Using fallback value 0 for x_sea_water_velocity for all profiles
14:28:17 DEBUG   opendrift.models.basemodel.environment:801:       Using fallback value 0 for y_sea_water_velocity for all profiles
14:28:17 DEBUG   opendrift.models.basemodel.environment:801:       Using fallback value 2 for sea_water_temperature for all profiles
14:28:17 DEBUG   opendrift.models.basemodel.environment:801:       Using fallback value 35 for sea_water_salinity for all profiles
14:28:17 DEBUG   opendrift.models.basemodel.environment:898: ------------ SUMMARY -------------
14:28:17 DEBUG   opendrift.models.basemodel.environment:900:     x_sea_water_velocity: 0 (min) 0 (max)
14:28:17 DEBUG   opendrift.models.basemodel.environment:900:     y_sea_water_velocity: 0 (min) 0 (max)
14:28:17 DEBUG   opendrift.models.basemodel.environment:900:     sea_floor_depth_below_sea_level: 10000 (min) 10000 (max)
14:28:17 DEBUG   opendrift.models.basemodel.environment:900:     sea_surface_height: 0 (min) 0 (max)
14:28:17 DEBUG   opendrift.models.basemodel.environment:900:     sea_surface_x_slope: 0 (min) 0 (max)
14:28:17 DEBUG   opendrift.models.basemodel.environment:900:     sea_surface_y_slope: 0 (min) 0 (max)
14:28:17 DEBUG   opendrift.models.basemodel.environment:900:     x_wind: 0 (min) 0 (max)
14:28:17 DEBUG   opendrift.models.basemodel.environment:900:     y_wind: 0 (min) 0 (max)
14:28:17 DEBUG   opendrift.models.basemodel.environment:900:     horizontal_diffusivity: 0 (min) 0 (max)
14:28:17 DEBUG   opendrift.models.basemodel.environment:900:     sea_surface_wave_significant_height: 0.390623 (min) 0.414975 (max)
14:28:17 DEBUG   opendrift.models.basemodel.environment:900:     sea_surface_wave_from_direction: 150.539 (min) 157.595 (max)
14:28:17 DEBUG   opendrift.models.basemodel.environment:900:     sea_surface_wave_stokes_drift_x_velocity: -0.0203614 (min) -0.0170517 (max)
14:28:17 DEBUG   opendrift.models.basemodel.environment:900:     sea_surface_wave_stokes_drift_y_velocity: 0.0397524 (min) 0.0441571 (max)
14:28:17 DEBUG   opendrift.models.basemodel.environment:900:     sea_water_temperature: 2 (min) 2 (max)
14:28:17 DEBUG   opendrift.models.basemodel.environment:900:     sea_water_salinity: 35 (min) 35 (max)
14:28:17 DEBUG   opendrift.models.basemodel.environment:900:     sea_ice_area_fraction: 0 (min) 0 (max)
14:28:17 DEBUG   opendrift.models.basemodel.environment:900:     sea_ice_thickness: 0 (min) 0 (max)
14:28:17 DEBUG   opendrift.models.basemodel.environment:900:     sea_ice_x_velocity: 0 (min) 0 (max)
14:28:17 DEBUG   opendrift.models.basemodel.environment:900:     sea_ice_y_velocity: 0 (min) 0 (max)
14:28:17 DEBUG   opendrift.models.basemodel.environment:900:     land_binary_mask: 0 (min) 0 (max)
14:28:17 DEBUG   opendrift.models.basemodel.environment:902: ---------------------------------
14:28:17 DEBUG   opendrift:689: No elements hit coastline.
14:28:17 DEBUG   opendrift:1732: No elements to deactivate
14:28:17 DEBUG   opendrift:2193: Calling OpenBerg.update()
14:28:17 DEBUG   opendrift.models.openberg:507: Advection with surface currents
14:28:17 DEBUG   opendrift.models.openberg:573: No grounded icebergs detected in this timestep
14:28:17 DEBUG   opendrift:1680: Horizontal diffusivity is 0, no random walk.
14:28:17 DEBUG   opendrift:904: to be seeded: 250, already seeded 10
14:28:17 DEBUG   opendrift:926: Released 0 new elements.
14:28:17 DEBUG   opendrift:2135: ======================================================================
14:28:17 INFO    opendrift:2136: 2025-09-24 02:00:00 - step 3 of 1872 - 10 active elements (0 deactivated)
14:28:17 DEBUG   opendrift:2142: 250 elements scheduled.
14:28:17 DEBUG   opendrift:2144: ======================================================================
14:28:17 DEBUG   opendrift:2155: 		75.0018161734411 <- latitude -> 75.02225073767792
14:28:17 DEBUG   opendrift:2155: 		-58.210687122057855 <- longitude -> -58.100151107702246
14:28:17 DEBUG   opendrift:2153: 		z = 0.0
14:28:17 DEBUG   opendrift:2156: ---------------------------------
14:28:17 DEBUG   opendrift.models.basemodel.environment:599: ----------------------------------------
14:28:17 DEBUG   opendrift.models.basemodel.environment:600: Variable group ['sea_surface_wave_significant_height', 'sea_surface_wave_from_direction', 'sea_surface_wave_stokes_drift_x_velocity', 'sea_surface_wave_stokes_drift_y_velocity']
14:28:17 DEBUG   opendrift.models.basemodel.environment:601: ----------------------------------------
14:28:17 DEBUG   opendrift.models.basemodel.environment:605: Calling reader arcmfcwam_vars
14:28:17 DEBUG   opendrift.models.basemodel.environment:606: ----------------------------------------
14:28:17 DEBUG   opendrift.models.basemodel.environment:626: Data needed for 10 elements
14:28:17 DEBUG   opendrift.readers.basereader.variables:761: Fetching variables from arcmfcwam_vars covering 10 elements
14:28:17 DEBUG   opendrift.readers.basereader.structured:220: Reader time:
		2025-09-24 02:00:00 (before)
		2025-09-24 03:00:00 (after)
14:28:46 DEBUG   opendrift.readers.basereader.structured:290: Fetched env-block (size 12x9x1) for time before (2025-09-24 02:00:00)
14:28:46 DEBUG   opendrift.readers.basereader.structured:334: Interpolating before (2025-09-24 02:00:00) in space  (linearNDFast)
14:28:46 DEBUG   opendrift.readers.interpolation.structured:97: Initialising interpolator.
14:28:46 DEBUG   opendrift.readers.basereader.structured:388: No time interpolation needed - right on time.
14:28:46 DEBUG   opendrift.readers.basereader.variables:797: Reader projection is latlon - rotation of vectors is not needed.
14:28:46 DEBUG   opendrift.models.basemodel.environment:762: Obtained data for all elements.
14:28:46 DEBUG   opendrift.models.basemodel.environment:599: ----------------------------------------
14:28:46 DEBUG   opendrift.models.basemodel.environment:600: Variable group ['land_binary_mask']
14:28:46 DEBUG   opendrift.models.basemodel.environment:601: ----------------------------------------
14:28:46 DEBUG   opendrift.models.basemodel.environment:605: Calling reader global_landmask
14:28:46 DEBUG   opendrift.models.basemodel.environment:606: ----------------------------------------
14:28:46 DEBUG   opendrift.models.basemodel.environment:626: Data needed for 10 elements
14:28:46 DEBUG   opendrift.readers.basereader.variables:761: Fetching variables from global_landmask covering 10 elements
14:28:46 DEBUG   opendrift.readers.basereader.continuous:37: Fetched env-before
14:28:46 DEBUG   opendrift.readers.basereader.variables:639: Checking land_binary_mask for invalid values
14:28:46 DEBUG   opendrift.readers.basereader.variables:797: Reader projection is latlon - rotation of vectors is not needed.
14:28:46 DEBUG   opendrift.models.basemodel.environment:762: Obtained data for all elements.
14:28:46 DEBUG   opendrift.models.basemodel.environment:775: ---------------------------------------
14:28:46 DEBUG   opendrift.models.basemodel.environment:776: Finished processing all variable groups
14:28:46 DEBUG   opendrift.models.basemodel.environment:796: Creating empty dictionary for profiles not profided by any reader: ['x_sea_water_velocity', 'y_sea_water_velocity', 'sea_water_temperature', 'sea_water_salinity']
14:28:46 DEBUG   opendrift.models.basemodel.environment:801:       Using fallback value 0 for x_sea_water_velocity for all profiles
14:28:46 DEBUG   opendrift.models.basemodel.environment:801:       Using fallback value 0 for y_sea_water_velocity for all profiles
14:28:46 DEBUG   opendrift.models.basemodel.environment:801:       Using fallback value 2 for sea_water_temperature for all profiles
14:28:46 DEBUG   opendrift.models.basemodel.environment:801:       Using fallback value 35 for sea_water_salinity for all profiles
14:28:46 DEBUG   opendrift.models.basemodel.environment:898: ------------ SUMMARY -------------
14:28:46 DEBUG   opendrift.models.basemodel.environment:900:     x_sea_water_velocity: 0 (min) 0 (max)
14:28:46 DEBUG   opendrift.models.basemodel.environment:900:     y_sea_water_velocity: 0 (min) 0 (max)
14:28:46 DEBUG   opendrift.models.basemodel.environment:900:     sea_floor_depth_below_sea_level: 10000 (min) 10000 (max)
14:28:46 DEBUG   opendrift.models.basemodel.environment:900:     sea_surface_height: 0 (min) 0 (max)
14:28:46 DEBUG   opendrift.models.basemodel.environment:900:     sea_surface_x_slope: 0 (min) 0 (max)
14:28:46 DEBUG   opendrift.models.basemodel.environment:900:     sea_surface_y_slope: 0 (min) 0 (max)
14:28:46 DEBUG   opendrift.models.basemodel.environment:900:     x_wind: 0 (min) 0 (max)
14:28:46 DEBUG   opendrift.models.basemodel.environment:900:     y_wind: 0 (min) 0 (max)
14:28:46 DEBUG   opendrift.models.basemodel.environment:900:     horizontal_diffusivity: 0 (min) 0 (max)
14:28:46 DEBUG   opendrift.models.basemodel.environment:900:     sea_surface_wave_significant_height: 0.460652 (min) 0.49341 (max)
14:28:46 DEBUG   opendrift.models.basemodel.environment:900:     sea_surface_wave_from_direction: 155.978 (min) 161.978 (max)
14:28:46 DEBUG   opendrift.models.basemodel.environment:900:     sea_surface_wave_stokes_drift_x_velocity: -0.021305 (min) -0.019987 (max)
14:28:46 DEBUG   opendrift.models.basemodel.environment:900:     sea_surface_wave_stokes_drift_y_velocity: 0.0476631 (min) 0.0509241 (max)
14:28:46 DEBUG   opendrift.models.basemodel.environment:900:     sea_water_temperature: 2 (min) 2 (max)
14:28:46 DEBUG   opendrift.models.basemodel.environment:900:     sea_water_salinity: 35 (min) 35 (max)
14:28:46 DEBUG   opendrift.models.basemodel.environment:900:     sea_ice_area_fraction: 0 (min) 0 (max)
14:28:46 DEBUG   opendrift.models.basemodel.environment:900:     sea_ice_thickness: 0 (min) 0 (max)
14:28:46 DEBUG   opendrift.models.basemodel.environment:900:     sea_ice_x_velocity: 0 (min) 0 (max)
14:28:46 DEBUG   opendrift.models.basemodel.environment:900:     sea_ice_y_velocity: 0 (min) 0 (max)
14:28:46 DEBUG   opendrift.models.basemodel.environment:900:     land_binary_mask: 0 (min) 0 (max)
14:28:46 DEBUG   opendrift.models.basemodel.environment:902: ---------------------------------
14:28:46 DEBUG   opendrift:689: No elements hit coastline.
14:28:46 DEBUG   opendrift:1732: No elements to deactivate
14:28:46 DEBUG   opendrift:2193: Calling OpenBerg.update()
14:28:46 DEBUG   opendrift.models.openberg:507: Advection with surface currents
14:28:46 DEBUG   opendrift.models.openberg:573: No grounded icebergs detected in this timestep
14:28:46 DEBUG   opendrift:1680: Horizontal diffusivity is 0, no random walk.
14:28:46 DEBUG   opendrift:904: to be seeded: 250, already seeded 10
14:28:46 DEBUG   opendrift:926: Released 0 new elements.
14:28:46 DEBUG   opendrift:2135: ======================================================================
14:28:46 INFO    opendrift:2136: 2025-09-24 03:00:00 - step 4 of 1872 - 10 active elements (0 deactivated)
14:28:46 DEBUG   opendrift:2142: 250 elements scheduled.
14:28:46 DEBUG   opendrift:2144: ======================================================================
14:28:46 DEBUG   opendrift:2155: 		75.0035311706458 <- latitude -> 75.0239236537651
14:28:46 DEBUG   opendrift:2155: 		-58.20992475910481 <- longitude -> -58.099699847937835
14:28:46 DEBUG   opendrift:2153: 		z = 0.0
14:28:46 DEBUG   opendrift:2156: ---------------------------------
14:28:46 DEBUG   opendrift.models.basemodel.environment:599: ----------------------------------------
14:28:46 DEBUG   opendrift.models.basemodel.environment:600: Variable group ['sea_surface_wave_significant_height', 'sea_surface_wave_from_direction', 'sea_surface_wave_stokes_drift_x_velocity', 'sea_surface_wave_stokes_drift_y_velocity']
14:28:46 DEBUG   opendrift.models.basemodel.environment:601: ----------------------------------------
14:28:46 DEBUG   opendrift.models.basemodel.environment:605: Calling reader arcmfcwam_vars
14:28:46 DEBUG   opendrift.models.basemodel.environment:606: ----------------------------------------
14:28:46 DEBUG   opendrift.models.basemodel.environment:626: Data needed for 10 elements
14:28:46 DEBUG   opendrift.readers.basereader.variables:761: Fetching variables from arcmfcwam_vars covering 10 elements
14:28:46 DEBUG   opendrift.readers.basereader.structured:220: Reader time:
		2025-09-24 03:00:00 (before)
		2025-09-24 04:00:00 (after)
14:29:19 DEBUG   opendrift.readers.basereader.structured:290: Fetched env-block (size 12x9x1) for time before (2025-09-24 03:00:00)
14:29:19 DEBUG   opendrift.readers.basereader.structured:334: Interpolating before (2025-09-24 03:00:00) in space  (linearNDFast)
14:29:19 DEBUG   opendrift.readers.interpolation.structured:97: Initialising interpolator.
14:29:19 DEBUG   opendrift.readers.basereader.structured:388: No time interpolation needed - right on time.
14:29:19 DEBUG   opendrift.readers.basereader.variables:797: Reader projection is latlon - rotation of vectors is not needed.
14:29:19 DEBUG   opendrift.models.basemodel.environment:762: Obtained data for all elements.
14:29:19 DEBUG   opendrift.models.basemodel.environment:599: ----------------------------------------
14:29:19 DEBUG   opendrift.models.basemodel.environment:600: Variable group ['land_binary_mask']
14:29:19 DEBUG   opendrift.models.basemodel.environment:601: ----------------------------------------
14:29:19 DEBUG   opendrift.models.basemodel.environment:605: Calling reader global_landmask
14:29:19 DEBUG   opendrift.models.basemodel.environment:606: ----------------------------------------
14:29:19 DEBUG   opendrift.models.basemodel.environment:626: Data needed for 10 elements
14:29:19 DEBUG   opendrift.readers.basereader.variables:761: Fetching variables from global_landmask covering 10 elements
14:29:19 DEBUG   opendrift.readers.basereader.continuous:37: Fetched env-before
14:29:19 DEBUG   opendrift.readers.basereader.variables:639: Checking land_binary_mask for invalid values
14:29:19 DEBUG   opendrift.readers.basereader.variables:797: Reader projection is latlon - rotation of vectors is not needed.
14:29:19 DEBUG   opendrift.models.basemodel.environment:762: Obtained data for all elements.
14:29:19 DEBUG   opendrift.models.basemodel.environment:775: ---------------------------------------
14:29:19 DEBUG   opendrift.models.basemodel.environment:776: Finished processing all variable groups
14:29:19 DEBUG   opendrift.models.basemodel.environment:796: Creating empty dictionary for profiles not profided by any reader: ['x_sea_water_velocity', 'y_sea_water_velocity', 'sea_water_temperature', 'sea_water_salinity']
14:29:19 DEBUG   opendrift.models.basemodel.environment:801:       Using fallback value 0 for x_sea_water_velocity for all profiles
14:29:19 DEBUG   opendrift.models.basemodel.environment:801:       Using fallback value 0 for y_sea_water_velocity for all profiles
14:29:19 DEBUG   opendrift.models.basemodel.environment:801:       Using fallback value 2 for sea_water_temperature for all profiles
14:29:19 DEBUG   opendrift.models.basemodel.environment:801:       Using fallback value 35 for sea_water_salinity for all profiles
14:29:19 DEBUG   opendrift.models.basemodel.environment:898: ------------ SUMMARY -------------
14:29:19 DEBUG   opendrift.models.basemodel.environment:900:     x_sea_water_velocity: 0 (min) 0 (max)
14:29:19 DEBUG   opendrift.models.basemodel.environment:900:     y_sea_water_velocity: 0 (min) 0 (max)
14:29:19 DEBUG   opendrift.models.basemodel.environment:900:     sea_floor_depth_below_sea_level: 10000 (min) 10000 (max)
14:29:19 DEBUG   opendrift.models.basemodel.environment:900:     sea_surface_height: 0 (min) 0 (max)
14:29:19 DEBUG   opendrift.models.basemodel.environment:900:     sea_surface_x_slope: 0 (min) 0 (max)
14:29:19 DEBUG   opendrift.models.basemodel.environment:900:     sea_surface_y_slope: 0 (min) 0 (max)
14:29:19 DEBUG   opendrift.models.basemodel.environment:900:     x_wind: 0 (min) 0 (max)
14:29:19 DEBUG   opendrift.models.basemodel.environment:900:     y_wind: 0 (min) 0 (max)
14:29:19 DEBUG   opendrift.models.basemodel.environment:900:     horizontal_diffusivity: 0 (min) 0 (max)
14:29:19 DEBUG   opendrift.models.basemodel.environment:900:     sea_surface_wave_significant_height: 0.58859 (min) 0.657487 (max)
14:29:19 DEBUG   opendrift.models.basemodel.environment:900:     sea_surface_wave_from_direction: 164.031 (min) 169.263 (max)
14:29:19 DEBUG   opendrift.models.basemodel.environment:900:     sea_surface_wave_stokes_drift_x_velocity: -0.025951 (min) -0.024366 (max)
14:29:19 DEBUG   opendrift.models.basemodel.environment:900:     sea_surface_wave_stokes_drift_y_velocity: 0.0659802 (min) 0.0769554 (max)
14:29:19 DEBUG   opendrift.models.basemodel.environment:900:     sea_water_temperature: 2 (min) 2 (max)
14:29:19 DEBUG   opendrift.models.basemodel.environment:900:     sea_water_salinity: 35 (min) 35 (max)
14:29:19 DEBUG   opendrift.models.basemodel.environment:900:     sea_ice_area_fraction: 0 (min) 0 (max)
14:29:19 DEBUG   opendrift.models.basemodel.environment:900:     sea_ice_thickness: 0 (min) 0 (max)
14:29:19 DEBUG   opendrift.models.basemodel.environment:900:     sea_ice_x_velocity: 0 (min) 0 (max)
14:29:19 DEBUG   opendrift.models.basemodel.environment:900:     sea_ice_y_velocity: 0 (min) 0 (max)
14:29:19 DEBUG   opendrift.models.basemodel.environment:900:     land_binary_mask: 0 (min) 0 (max)
14:29:19 DEBUG   opendrift.models.basemodel.environment:902: ---------------------------------
14:29:19 DEBUG   opendrift:689: No elements hit coastline.
14:29:19 DEBUG   opendrift:1732: No elements to deactivate
14:29:19 DEBUG   opendrift:2193: Calling OpenBerg.update()
14:29:19 DEBUG   opendrift.models.openberg:507: Advection with surface currents
14:29:19 DEBUG   opendrift.models.openberg:573: No grounded icebergs detected in this timestep
14:29:19 DEBUG   opendrift:1680: Horizontal diffusivity is 0, no random walk.
14:29:19 DEBUG   opendrift:904: to be seeded: 250, already seeded 10
14:29:19 DEBUG   opendrift:926: Released 0 new elements.
14:29:19 DEBUG   opendrift:2135: ======================================================================
14:29:19 INFO    opendrift:2136: 2025-09-24 04:00:00 - step 5 of 1872 - 10 active elements (0 deactivated)
14:29:19 DEBUG   opendrift:2142: 250 elements scheduled.
14:29:19 DEBUG   opendrift:2144: ======================================================================
14:29:19 DEBUG   opendrift:2155: 		75.0059078316657 <- latitude -> 75.02629170995968
14:29:19 DEBUG   opendrift:2155: 		-58.20835951576086 <- longitude -> -58.09865822826411
14:29:19 DEBUG   opendrift:2153: 		z = 0.0
14:29:19 DEBUG   opendrift:2156: ---------------------------------
14:29:19 DEBUG   opendrift.models.basemodel.environment:599: ----------------------------------------
14:29:19 DEBUG   opendrift.models.basemodel.environment:600: Variable group ['sea_surface_wave_significant_height', 'sea_surface_wave_from_direction', 'sea_surface_wave_stokes_drift_x_velocity', 'sea_surface_wave_stokes_drift_y_velocity']
14:29:19 DEBUG   opendrift.models.basemodel.environment:601: ----------------------------------------
14:29:19 DEBUG   opendrift.models.basemodel.environment:605: Calling reader arcmfcwam_vars
14:29:19 DEBUG   opendrift.models.basemodel.environment:606: ----------------------------------------
14:29:19 DEBUG   opendrift.models.basemodel.environment:626: Data needed for 10 elements
14:29:19 DEBUG   opendrift.readers.basereader.variables:761: Fetching variables from arcmfcwam_vars covering 10 elements
14:29:19 DEBUG   opendrift.readers.basereader.structured:220: Reader time:
		2025-09-24 04:00:00 (before)
		2025-09-24 05:00:00 (after)
14:29:53 DEBUG   opendrift.readers.basereader.structured:290: Fetched env-block (size 12x9x1) for time before (2025-09-24 04:00:00)
14:29:53 DEBUG   opendrift.readers.basereader.structured:334: Interpolating before (2025-09-24 04:00:00) in space  (linearNDFast)
14:29:53 DEBUG   opendrift.readers.interpolation.structured:97: Initialising interpolator.
14:29:53 DEBUG   opendrift.readers.basereader.structured:388: No time interpolation needed - right on time.
14:29:53 DEBUG   opendrift.readers.basereader.variables:797: Reader projection is latlon - rotation of vectors is not needed.
14:29:53 DEBUG   opendrift.models.basemodel.environment:762: Obtained data for all elements.
14:29:53 DEBUG   opendrift.models.basemodel.environment:599: ----------------------------------------
14:29:53 DEBUG   opendrift.models.basemodel.environment:600: Variable group ['land_binary_mask']
14:29:53 DEBUG   opendrift.models.basemodel.environment:601: ----------------------------------------
14:29:53 DEBUG   opendrift.models.basemodel.environment:605: Calling reader global_landmask
14:29:53 DEBUG   opendrift.models.basemodel.environment:606: ----------------------------------------
14:29:53 DEBUG   opendrift.models.basemodel.environment:626: Data needed for 10 elements
14:29:53 DEBUG   opendrift.readers.basereader.variables:761: Fetching variables from global_landmask covering 10 elements
14:29:53 DEBUG   opendrift.readers.basereader.continuous:37: Fetched env-before
14:29:53 DEBUG   opendrift.readers.basereader.variables:639: Checking land_binary_mask for invalid values
14:29:53 DEBUG   opendrift.readers.basereader.variables:797: Reader projection is latlon - rotation of vectors is not needed.
14:29:53 DEBUG   opendrift.models.basemodel.environment:762: Obtained data for all elements.
14:29:53 DEBUG   opendrift.models.basemodel.environment:775: ---------------------------------------
14:29:53 DEBUG   opendrift.models.basemodel.environment:776: Finished processing all variable groups
14:29:53 DEBUG   opendrift.models.basemodel.environment:796: Creating empty dictionary for profiles not profided by any reader: ['x_sea_water_velocity', 'y_sea_water_velocity', 'sea_water_temperature', 'sea_water_salinity']
14:29:53 DEBUG   opendrift.models.basemodel.environment:801:       Using fallback value 0 for x_sea_water_velocity for all profiles
14:29:53 DEBUG   opendrift.models.basemodel.environment:801:       Using fallback value 0 for y_sea_water_velocity for all profiles
14:29:53 DEBUG   opendrift.models.basemodel.environment:801:       Using fallback value 2 for sea_water_temperature for all profiles
14:29:53 DEBUG   opendrift.models.basemodel.environment:801:       Using fallback value 35 for sea_water_salinity for all profiles
14:29:53 DEBUG   opendrift.models.basemodel.environment:898: ------------ SUMMARY -------------
14:29:53 DEBUG   opendrift.models.basemodel.environment:900:     x_sea_water_velocity: 0 (min) 0 (max)
14:29:53 DEBUG   opendrift.models.basemodel.environment:900:     y_sea_water_velocity: 0 (min) 0 (max)
14:29:53 DEBUG   opendrift.models.basemodel.environment:900:     sea_floor_depth_below_sea_level: 10000 (min) 10000 (max)
14:29:53 DEBUG   opendrift.models.basemodel.environment:900:     sea_surface_height: 0 (min) 0 (max)
14:29:53 DEBUG   opendrift.models.basemodel.environment:900:     sea_surface_x_slope: 0 (min) 0 (max)
14:29:53 DEBUG   opendrift.models.basemodel.environment:900:     sea_surface_y_slope: 0 (min) 0 (max)
14:29:53 DEBUG   opendrift.models.basemodel.environment:900:     x_wind: 0 (min) 0 (max)
14:29:53 DEBUG   opendrift.models.basemodel.environment:900:     y_wind: 0 (min) 0 (max)
14:29:53 DEBUG   opendrift.models.basemodel.environment:900:     horizontal_diffusivity: 0 (min) 0 (max)
14:29:53 DEBUG   opendrift.models.basemodel.environment:900:     sea_surface_wave_significant_height: 0.824304 (min) 0.946922 (max)
14:29:53 DEBUG   opendrift.models.basemodel.environment:900:     sea_surface_wave_from_direction: 175.426 (min) 177.695 (max)
14:29:53 DEBUG   opendrift.models.basemodel.environment:900:     sea_surface_wave_stokes_drift_x_velocity: -0.0344021 (min) -0.0304774 (max)
14:29:53 DEBUG   opendrift.models.basemodel.environment:900:     sea_surface_wave_stokes_drift_y_velocity: 0.103988 (min) 0.127156 (max)
14:29:53 DEBUG   opendrift.models.basemodel.environment:900:     sea_water_temperature: 2 (min) 2 (max)
14:29:53 DEBUG   opendrift.models.basemodel.environment:900:     sea_water_salinity: 35 (min) 35 (max)
14:29:53 DEBUG   opendrift.models.basemodel.environment:900:     sea_ice_area_fraction: 0 (min) 0 (max)
14:29:53 DEBUG   opendrift.models.basemodel.environment:900:     sea_ice_thickness: 0 (min) 0 (max)
14:29:53 DEBUG   opendrift.models.basemodel.environment:900:     sea_ice_x_velocity: 0 (min) 0 (max)
14:29:53 DEBUG   opendrift.models.basemodel.environment:900:     sea_ice_y_velocity: 0 (min) 0 (max)
14:29:53 DEBUG   opendrift.models.basemodel.environment:900:     land_binary_mask: 0 (min) 0 (max)
14:29:53 DEBUG   opendrift.models.basemodel.environment:902: ---------------------------------
14:29:53 DEBUG   opendrift:689: No elements hit coastline.
14:29:53 DEBUG   opendrift:1732: No elements to deactivate
14:29:53 DEBUG   opendrift:2193: Calling OpenBerg.update()
14:29:53 DEBUG   opendrift.models.openberg:507: Advection with surface currents
14:29:53 DEBUG   opendrift.models.openberg:573: No grounded icebergs detected in this timestep
14:29:53 DEBUG   opendrift:1680: Horizontal diffusivity is 0, no random walk.
14:29:53 DEBUG   opendrift:904: to be seeded: 250, already seeded 10
14:29:53 DEBUG   opendrift:926: Released 0 new elements.
14:29:53 DEBUG   opendrift:2135: ======================================================================
14:29:53 INFO    opendrift:2136: 2025-09-24 05:00:00 - step 6 of 1872 - 10 active elements (0 deactivated)
14:29:53 DEBUG   opendrift:2142: 250 elements scheduled.
14:29:53 DEBUG   opendrift:2144: ======================================================================
14:29:53 DEBUG   opendrift:2155: 		75.00960284456592 <- latitude -> 75.03002069305195
14:29:53 DEBUG   opendrift:2155: 		-58.205170006284916 <- longitude -> -58.09615855350027
14:29:53 DEBUG   opendrift:2153: 		z = 0.0
14:29:53 DEBUG   opendrift:2156: ---------------------------------
14:29:53 DEBUG   opendrift.models.basemodel.environment:599: ----------------------------------------
14:29:53 DEBUG   opendrift.models.basemodel.environment:600: Variable group ['sea_surface_wave_significant_height', 'sea_surface_wave_from_direction', 'sea_surface_wave_stokes_drift_x_velocity', 'sea_surface_wave_stokes_drift_y_velocity']
14:29:53 DEBUG   opendrift.models.basemodel.environment:601: ----------------------------------------
14:29:53 DEBUG   opendrift.models.basemodel.environment:605: Calling reader arcmfcwam_vars
14:29:53 DEBUG   opendrift.models.basemodel.environment:606: ----------------------------------------
14:29:53 DEBUG   opendrift.models.basemodel.environment:626: Data needed for 10 elements
14:29:53 DEBUG   opendrift.readers.basereader.variables:761: Fetching variables from arcmfcwam_vars covering 10 elements
14:29:53 DEBUG   opendrift.readers.basereader.structured:220: Reader time:
		2025-09-24 05:00:00 (before)
		2025-09-24 06:00:00 (after)
14:30:26 DEBUG   opendrift.readers.basereader.structured:290: Fetched env-block (size 12x9x1) for time before (2025-09-24 05:00:00)
14:30:26 DEBUG   opendrift.readers.basereader.structured:334: Interpolating before (2025-09-24 05:00:00) in space  (linearNDFast)
14:30:26 DEBUG   opendrift.readers.interpolation.structured:97: Initialising interpolator.
14:30:26 DEBUG   opendrift.readers.basereader.structured:388: No time interpolation needed - right on time.
14:30:26 DEBUG   opendrift.readers.basereader.variables:797: Reader projection is latlon - rotation of vectors is not needed.
14:30:26 DEBUG   opendrift.models.basemodel.environment:762: Obtained data for all elements.
14:30:26 DEBUG   opendrift.models.basemodel.environment:599: ----------------------------------------
14:30:26 DEBUG   opendrift.models.basemodel.environment:600: Variable group ['land_binary_mask']
14:30:26 DEBUG   opendrift.models.basemodel.environment:601: ----------------------------------------
14:30:26 DEBUG   opendrift.models.basemodel.environment:605: Calling reader global_landmask
14:30:26 DEBUG   opendrift.models.basemodel.environment:606: ----------------------------------------
14:30:26 DEBUG   opendrift.models.basemodel.environment:626: Data needed for 10 elements
14:30:26 DEBUG   opendrift.readers.basereader.variables:761: Fetching variables from global_landmask covering 10 elements
14:30:26 DEBUG   opendrift.readers.basereader.continuous:37: Fetched env-before
14:30:26 DEBUG   opendrift.readers.basereader.variables:639: Checking land_binary_mask for invalid values
14:30:26 DEBUG   opendrift.readers.basereader.variables:797: Reader projection is latlon - rotation of vectors is not needed.
14:30:26 DEBUG   opendrift.models.basemodel.environment:762: Obtained data for all elements.
14:30:26 DEBUG   opendrift.models.basemodel.environment:775: ---------------------------------------
14:30:26 DEBUG   opendrift.models.basemodel.environment:776: Finished processing all variable groups
14:30:26 DEBUG   opendrift.models.basemodel.environment:796: Creating empty dictionary for profiles not profided by any reader: ['x_sea_water_velocity', 'y_sea_water_velocity', 'sea_water_temperature', 'sea_water_salinity']
14:30:26 DEBUG   opendrift.models.basemodel.environment:801:       Using fallback value 0 for x_sea_water_velocity for all profiles
14:30:26 DEBUG   opendrift.models.basemodel.environment:801:       Using fallback value 0 for y_sea_water_velocity for all profiles
14:30:26 DEBUG   opendrift.models.basemodel.environment:801:       Using fallback value 2 for sea_water_temperature for all profiles
14:30:26 DEBUG   opendrift.models.basemodel.environment:801:       Using fallback value 35 for sea_water_salinity for all profiles
14:30:26 DEBUG   opendrift.models.basemodel.environment:898: ------------ SUMMARY -------------
14:30:26 DEBUG   opendrift.models.basemodel.environment:900:     x_sea_water_velocity: 0 (min) 0 (max)
14:30:26 DEBUG   opendrift.models.basemodel.environment:900:     y_sea_water_velocity: 0 (min) 0 (max)
14:30:26 DEBUG   opendrift.models.basemodel.environment:900:     sea_floor_depth_below_sea_level: 10000 (min) 10000 (max)
14:30:26 DEBUG   opendrift.models.basemodel.environment:900:     sea_surface_height: 0 (min) 0 (max)
14:30:26 DEBUG   opendrift.models.basemodel.environment:900:     sea_surface_x_slope: 0 (min) 0 (max)
14:30:26 DEBUG   opendrift.models.basemodel.environment:900:     sea_surface_y_slope: 0 (min) 0 (max)
14:30:26 DEBUG   opendrift.models.basemodel.environment:900:     x_wind: 0 (min) 0 (max)
14:30:26 DEBUG   opendrift.models.basemodel.environment:900:     y_wind: 0 (min) 0 (max)
14:30:26 DEBUG   opendrift.models.basemodel.environment:900:     horizontal_diffusivity: 0 (min) 0 (max)
14:30:26 DEBUG   opendrift.models.basemodel.environment:900:     sea_surface_wave_significant_height: 1.13059 (min) 1.27672 (max)
14:30:26 DEBUG   opendrift.models.basemodel.environment:900:     sea_surface_wave_from_direction: 176.4 (min) 177.599 (max)
14:30:26 DEBUG   opendrift.models.basemodel.environment:900:     sea_surface_wave_stokes_drift_x_velocity: -0.0512821 (min) -0.0482164 (max)
14:30:26 DEBUG   opendrift.models.basemodel.environment:900:     sea_surface_wave_stokes_drift_y_velocity: 0.162593 (min) 0.184902 (max)
14:30:26 DEBUG   opendrift.models.basemodel.environment:900:     sea_water_temperature: 2 (min) 2 (max)
14:30:26 DEBUG   opendrift.models.basemodel.environment:900:     sea_water_salinity: 35 (min) 35 (max)
14:30:26 DEBUG   opendrift.models.basemodel.environment:900:     sea_ice_area_fraction: 0 (min) 0 (max)
14:30:26 DEBUG   opendrift.models.basemodel.environment:900:     sea_ice_thickness: 0 (min) 0 (max)
14:30:26 DEBUG   opendrift.models.basemodel.environment:900:     sea_ice_x_velocity: 0 (min) 0 (max)
14:30:26 DEBUG   opendrift.models.basemodel.environment:900:     sea_ice_y_velocity: 0 (min) 0 (max)
14:30:26 DEBUG   opendrift.models.basemodel.environment:900:     land_binary_mask: 0 (min) 1 (max)
14:30:26 DEBUG   opendrift.models.basemodel.environment:902: ---------------------------------
14:30:26 DEBUG   opendrift:692: 1 elements hit land, moving them to the coastline.
14:30:26 DEBUG   opendrift:1705: Added status stranded
14:30:26 DEBUG   opendrift:1716: 1 elements scheduled for deactivation (stranded)
14:30:26 DEBUG   opendrift:1718: 	(z: 0.000000 to 0.000000)
14:30:27 DEBUG   opendrift:1736: Removed 1 elements.
14:30:27 DEBUG   opendrift:1739: Removed 1 values from environment.
14:30:27 DEBUG   opendrift:1744: remove items from profile for z
14:30:27 DEBUG   opendrift:1744: remove items from profile for x_sea_water_velocity
14:30:27 DEBUG   opendrift:1744: remove items from profile for y_sea_water_velocity
14:30:27 DEBUG   opendrift:1744: remove items from profile for sea_water_temperature
14:30:27 DEBUG   opendrift:1744: remove items from profile for sea_water_salinity
14:30:27 DEBUG   opendrift:1748: Removed 1 values from environment_profiles.
14:30:27 DEBUG   opendrift:2193: Calling OpenBerg.update()
14:30:27 DEBUG   opendrift.models.openberg:507: Advection with surface currents
14:30:27 DEBUG   opendrift.models.openberg:573: No grounded icebergs detected in this timestep
14:30:27 DEBUG   opendrift:1680: Horizontal diffusivity is 0, no random walk.
14:30:27 DEBUG   opendrift:904: to be seeded: 250, already seeded 10
14:30:27 DEBUG   opendrift:926: Released 0 new elements.
14:30:27 DEBUG   opendrift:2135: ======================================================================
14:30:27 INFO    opendrift:2136: 2025-09-24 06:00:00 - step 7 of 1872 - 9 active elements (1 deactivated)
14:30:27 DEBUG   opendrift:2142: 250 elements scheduled.
14:30:27 DEBUG   opendrift:2144: ======================================================================
14:30:27 DEBUG   opendrift:2155: 		75.0151935184914 <- latitude -> 75.03564517730591
14:30:27 DEBUG   opendrift:2155: 		-58.2010707346608 <- longitude -> -58.092648537843544
14:30:27 DEBUG   opendrift:2153: 		z = 0.0
14:30:27 DEBUG   opendrift:2156: ---------------------------------
14:30:27 DEBUG   opendrift.models.basemodel.environment:599: ----------------------------------------
14:30:27 DEBUG   opendrift.models.basemodel.environment:600: Variable group ['sea_surface_wave_significant_height', 'sea_surface_wave_from_direction', 'sea_surface_wave_stokes_drift_x_velocity', 'sea_surface_wave_stokes_drift_y_velocity']
14:30:27 DEBUG   opendrift.models.basemodel.environment:601: ----------------------------------------
14:30:27 DEBUG   opendrift.models.basemodel.environment:605: Calling reader arcmfcwam_vars
14:30:27 DEBUG   opendrift.models.basemodel.environment:606: ----------------------------------------
14:30:27 DEBUG   opendrift.models.basemodel.environment:626: Data needed for 9 elements
14:30:27 DEBUG   opendrift.readers.basereader.variables:761: Fetching variables from arcmfcwam_vars covering 9 elements
14:30:27 DEBUG   opendrift.readers.basereader.structured:220: Reader time:
		2025-09-24 06:00:00 (before)
		2025-09-24 07:00:00 (after)
